Archive member included because of file (symbol)

c:/winavr-20090313/bin/../lib/gcc/avr/4.3.2/avr5\libgcc.a(_udivmodhi4.o)
                              lcd_lib.o (__udivmodhi4)
c:/winavr-20090313/bin/../lib/gcc/avr/4.3.2/avr5\libgcc.a(_divmodhi4.o)
                              lcd_lib.o (__divmodhi4)
c:/winavr-20090313/bin/../lib/gcc/avr/4.3.2/avr5\libgcc.a(_exit.o)
                              c:/winavr-20090313/bin/../lib/gcc/avr/4.3.2/../../../../avr/lib/avr5/crtm16.o (exit)
c:/winavr-20090313/bin/../lib/gcc/avr/4.3.2/avr5\libgcc.a(_copy_data.o)
                              password.o (__do_copy_data)
c:/winavr-20090313/bin/../lib/gcc/avr/4.3.2/avr5\libgcc.a(_clear_bss.o)
                              password.o (__do_clear_bss)
c:/winavr-20090313/bin/../lib/gcc/avr/4.3.2/../../../../avr/lib/avr5\libc.a(strcpy.o)
                              password.o (strcpy)
c:/winavr-20090313/bin/../lib/gcc/avr/4.3.2/../../../../avr/lib/avr5\libc.a(strncmp.o)
                              password.o (strncmp)

Allocating common symbols
Common symbol       size              file

buff                0x10              password.o
k                   0x2               password.o
key                 0x2               password.o

Memory Configuration

Name             Origin             Length             Attributes
text             0x00000000         0x00020000         xr
data             0x00800060         0x0000ffa0         rw !x
eeprom           0x00810000         0x00010000         rw !x
fuse             0x00820000         0x00000400         rw !x
lock             0x00830000         0x00000400         rw !x
signature        0x00840000         0x00000400         rw !x
*default*        0x00000000         0xffffffff

Linker script and memory map

LOAD c:/winavr-20090313/bin/../lib/gcc/avr/4.3.2/../../../../avr/lib/avr5/crtm16.o
LOAD password.o
LOAD lcd_lib.o
LOAD c:/winavr-20090313/bin/../lib/gcc/avr/4.3.2/../../../../avr/lib/avr5\libm.a
LOAD c:/winavr-20090313/bin/../lib/gcc/avr/4.3.2/avr5\libgcc.a
LOAD c:/winavr-20090313/bin/../lib/gcc/avr/4.3.2/../../../../avr/lib/avr5\libc.a
LOAD c:/winavr-20090313/bin/../lib/gcc/avr/4.3.2/avr5\libgcc.a

.hash
 *(.hash)

.dynsym
 *(.dynsym)

.dynstr
 *(.dynstr)

.gnu.version
 *(.gnu.version)

.gnu.version_d
 *(.gnu.version_d)

.gnu.version_r
 *(.gnu.version_r)

.rel.init
 *(.rel.init)

.rela.init
 *(.rela.init)

.rel.text
 *(.rel.text)
 *(.rel.text.*)
 *(.rel.gnu.linkonce.t*)

.rela.text
 *(.rela.text)
 *(.rela.text.*)
 *(.rela.gnu.linkonce.t*)

.rel.fini
 *(.rel.fini)

.rela.fini
 *(.rela.fini)

.rel.rodata
 *(.rel.rodata)
 *(.rel.rodata.*)
 *(.rel.gnu.linkonce.r*)

.rela.rodata
 *(.rela.rodata)
 *(.rela.rodata.*)
 *(.rela.gnu.linkonce.r*)

.rel.data
 *(.rel.data)
 *(.rel.data.*)
 *(.rel.gnu.linkonce.d*)

.rela.data
 *(.rela.data)
 *(.rela.data.*)
 *(.rela.gnu.linkonce.d*)

.rel.ctors
 *(.rel.ctors)

.rela.ctors
 *(.rela.ctors)

.rel.dtors
 *(.rel.dtors)

.rela.dtors
 *(.rela.dtors)

.rel.got
 *(.rel.got)

.rela.got
 *(.rela.got)

.rel.bss
 *(.rel.bss)

.rela.bss
 *(.rela.bss)

.rel.plt
 *(.rel.plt)

.rela.plt
 *(.rela.plt)

.text           0x00000000      0x85e
 *(.vectors)
 .vectors       0x00000000       0x54 c:/winavr-20090313/bin/../lib/gcc/avr/4.3.2/../../../../avr/lib/avr5/crtm16.o
                0x00000000                __vectors
                0x00000000                __vector_default
 *(.vectors)
 *(.progmem.gcc*)
 *(.progmem*)
 .progmem.data  0x00000054       0x40 lcd_lib.o
                0x00000054                LcdCustomChar
                0x00000094                . = ALIGN (0x2)
                0x00000094                __trampolines_start = .
 *(.trampolines)
 .trampolines   0x00000094        0x0 linker stubs
 *(.trampolines*)
                0x00000094                __trampolines_end = .
 *(.jumptables)
 *(.jumptables*)
 *(.lowtext)
 *(.lowtext*)
                0x00000094                __ctors_start = .
 *(.ctors)
                0x00000094                __ctors_end = .
                0x00000094                __dtors_start = .
 *(.dtors)
                0x00000094                __dtors_end = .
 SORT(*)(.ctors)
 SORT(*)(.dtors)
 *(.init0)
 .init0         0x00000094        0x0 c:/winavr-20090313/bin/../lib/gcc/avr/4.3.2/../../../../avr/lib/avr5/crtm16.o
                0x00000094                __init
 *(.init0)
 *(.init1)
 *(.init1)
 *(.init2)
 .init2         0x00000094        0xc c:/winavr-20090313/bin/../lib/gcc/avr/4.3.2/../../../../avr/lib/avr5/crtm16.o
 *(.init2)
 *(.init3)
 *(.init3)
 *(.init4)
 .init4         0x000000a0       0x16 c:/winavr-20090313/bin/../lib/gcc/avr/4.3.2/avr5\libgcc.a(_copy_data.o)
                0x000000a0                __do_copy_data
 .init4         0x000000b6       0x10 c:/winavr-20090313/bin/../lib/gcc/avr/4.3.2/avr5\libgcc.a(_clear_bss.o)
                0x000000b6                __do_clear_bss
 *(.init4)
 *(.init5)
 *(.init5)
 *(.init6)
 *(.init6)
 *(.init7)
 *(.init7)
 *(.init8)
 *(.init8)
 *(.init9)
 .init9         0x000000c6        0x8 c:/winavr-20090313/bin/../lib/gcc/avr/4.3.2/../../../../avr/lib/avr5/crtm16.o
 *(.init9)
 *(.text)
 .text          0x000000ce        0x4 c:/winavr-20090313/bin/../lib/gcc/avr/4.3.2/../../../../avr/lib/avr5/crtm16.o
                0x000000ce                __vector_1
                0x000000ce                __vector_12
                0x000000ce                __bad_interrupt
                0x000000ce                __vector_6
                0x000000ce                __vector_3
                0x000000ce                __vector_11
                0x000000ce                __vector_13
                0x000000ce                __vector_17
                0x000000ce                __vector_19
                0x000000ce                __vector_7
                0x000000ce                __vector_5
                0x000000ce                __vector_4
                0x000000ce                __vector_9
                0x000000ce                __vector_2
                0x000000ce                __vector_15
                0x000000ce                __vector_8
                0x000000ce                __vector_14
                0x000000ce                __vector_10
                0x000000ce                __vector_16
                0x000000ce                __vector_18
                0x000000ce                __vector_20
 .text          0x000000d2      0x3ee password.o
                0x00000110                trigger_lock
                0x00000158                define_key
                0x00000404                main
                0x00000154                trigger_alarm
                0x000000d2                get_key
 .text          0x000004c0      0x322 lcd_lib.o
                0x0000060a                LCDinit
                0x0000070e                LCDcursorLeft
                0x000006f6                LCDcursorOFF
                0x000006e6                LCDcursorOn
                0x00000502                LCDsendCommand
                0x000006bc                LCDshiftRight
                0x00000738                LCDcursorRight
                0x000005c2                LCDdefinechar
                0x00000692                LCDshiftLeft
                0x000004c0                LCDsendChar
                0x00000706                LCDvisible
                0x00000544                LCDhome
                0x00000594                CopyStringtoLCD
                0x00000762                LCDprogressBar
                0x000006ee                LCDcursorOnBlink
                0x00000576                LCDGotoXY
                0x0000053c                LCDclr
                0x0000054c                LCDstring
                0x000006fe                LCDblank
 .text          0x000007e2        0x0 c:/winavr-20090313/bin/../lib/gcc/avr/4.3.2/avr5\libgcc.a(_udivmodhi4.o)
 .text          0x000007e2        0x0 c:/winavr-20090313/bin/../lib/gcc/avr/4.3.2/avr5\libgcc.a(_divmodhi4.o)
 .text          0x000007e2        0x0 c:/winavr-20090313/bin/../lib/gcc/avr/4.3.2/avr5\libgcc.a(_exit.o)
 .text          0x000007e2        0x0 c:/winavr-20090313/bin/../lib/gcc/avr/4.3.2/avr5\libgcc.a(_copy_data.o)
 .text          0x000007e2        0x0 c:/winavr-20090313/bin/../lib/gcc/avr/4.3.2/avr5\libgcc.a(_clear_bss.o)
 .text          0x000007e2        0xe c:/winavr-20090313/bin/../lib/gcc/avr/4.3.2/../../../../avr/lib/avr5\libc.a(strcpy.o)
                0x000007e2                strcpy
 .text          0x000007f0       0x1c c:/winavr-20090313/bin/../lib/gcc/avr/4.3.2/../../../../avr/lib/avr5\libc.a(strncmp.o)
                0x000007f0                strncmp
                0x0000080c                . = ALIGN (0x2)
 *(.text.*)
 .text.libgcc   0x0000080c       0x28 c:/winavr-20090313/bin/../lib/gcc/avr/4.3.2/avr5\libgcc.a(_udivmodhi4.o)
                0x0000080c                __udivmodhi4
 .text.libgcc   0x00000834       0x26 c:/winavr-20090313/bin/../lib/gcc/avr/4.3.2/avr5\libgcc.a(_divmodhi4.o)
                0x00000834                __divmodhi4
                0x00000834                _div
 .text.libgcc   0x0000085a        0x0 c:/winavr-20090313/bin/../lib/gcc/avr/4.3.2/avr5\libgcc.a(_exit.o)
 .text.libgcc   0x0000085a        0x0 c:/winavr-20090313/bin/../lib/gcc/avr/4.3.2/avr5\libgcc.a(_copy_data.o)
 .text.libgcc   0x0000085a        0x0 c:/winavr-20090313/bin/../lib/gcc/avr/4.3.2/avr5\libgcc.a(_clear_bss.o)
                0x0000085a                . = ALIGN (0x2)
 *(.fini9)
 .fini9         0x0000085a        0x0 c:/winavr-20090313/bin/../lib/gcc/avr/4.3.2/avr5\libgcc.a(_exit.o)
                0x0000085a                exit
                0x0000085a                _exit
 *(.fini9)
 *(.fini8)
 *(.fini8)
 *(.fini7)
 *(.fini7)
 *(.fini6)
 *(.fini6)
 *(.fini5)
 *(.fini5)
 *(.fini4)
 *(.fini4)
 *(.fini3)
 *(.fini3)
 *(.fini2)
 *(.fini2)
 *(.fini1)
 *(.fini1)
 *(.fini0)
 .fini0         0x0000085a        0x4 c:/winavr-20090313/bin/../lib/gcc/avr/4.3.2/avr5\libgcc.a(_exit.o)
 *(.fini0)
                0x0000085e                _etext = .

.data           0x00800060       0x5a load address 0x0000085e
                0x00800060                PROVIDE (__data_start, .)
 *(.data)
 .data          0x00800060        0x0 c:/winavr-20090313/bin/../lib/gcc/avr/4.3.2/../../../../avr/lib/avr5/crtm16.o
 .data          0x00800060       0x5a password.o
                0x008000b4                password
                0x008000a4                pass
 .data          0x008000ba        0x0 lcd_lib.o
 .data          0x008000ba        0x0 c:/winavr-20090313/bin/../lib/gcc/avr/4.3.2/avr5\libgcc.a(_udivmodhi4.o)
 .data          0x008000ba        0x0 c:/winavr-20090313/bin/../lib/gcc/avr/4.3.2/avr5\libgcc.a(_divmodhi4.o)
 .data          0x008000ba        0x0 c:/winavr-20090313/bin/../lib/gcc/avr/4.3.2/avr5\libgcc.a(_exit.o)
 .data          0x008000ba        0x0 c:/winavr-20090313/bin/../lib/gcc/avr/4.3.2/avr5\libgcc.a(_copy_data.o)
 .data          0x008000ba        0x0 c:/winavr-20090313/bin/../lib/gcc/avr/4.3.2/avr5\libgcc.a(_clear_bss.o)
 .data          0x008000ba        0x0 c:/winavr-20090313/bin/../lib/gcc/avr/4.3.2/../../../../avr/lib/avr5\libc.a(strcpy.o)
 .data          0x008000ba        0x0 c:/winavr-20090313/bin/../lib/gcc/avr/4.3.2/../../../../avr/lib/avr5\libc.a(strncmp.o)
 *(.data*)
 *(.rodata)
 *(.rodata*)
 *(.gnu.linkonce.d*)
                0x008000ba                . = ALIGN (0x2)
                0x008000ba                _edata = .
                0x008000ba                PROVIDE (__data_end, .)

.bss            0x008000ba       0x18
                0x008000ba                PROVIDE (__bss_start, .)
 *(.bss)
 .bss           0x008000ba        0x0 c:/winavr-20090313/bin/../lib/gcc/avr/4.3.2/../../../../avr/lib/avr5/crtm16.o
 .bss           0x008000ba        0x4 password.o
                0x008000ba                n
                0x008000bc                key_status
 .bss           0x008000be        0x0 lcd_lib.o
 .bss           0x008000be        0x0 c:/winavr-20090313/bin/../lib/gcc/avr/4.3.2/avr5\libgcc.a(_udivmodhi4.o)
 .bss           0x008000be        0x0 c:/winavr-20090313/bin/../lib/gcc/avr/4.3.2/avr5\libgcc.a(_divmodhi4.o)
 .bss           0x008000be        0x0 c:/winavr-20090313/bin/../lib/gcc/avr/4.3.2/avr5\libgcc.a(_exit.o)
 .bss           0x008000be        0x0 c:/winavr-20090313/bin/../lib/gcc/avr/4.3.2/avr5\libgcc.a(_copy_data.o)
 .bss           0x008000be        0x0 c:/winavr-20090313/bin/../lib/gcc/avr/4.3.2/avr5\libgcc.a(_clear_bss.o)
 .bss           0x008000be        0x0 c:/winavr-20090313/bin/../lib/gcc/avr/4.3.2/../../../../avr/lib/avr5\libc.a(strcpy.o)
 .bss           0x008000be        0x0 c:/winavr-20090313/bin/../lib/gcc/avr/4.3.2/../../../../avr/lib/avr5\libc.a(strncmp.o)
 *(.bss*)
 *(COMMON)
 COMMON         0x008000be       0x14 password.o
                0x008000be                buff
                0x008000ce                k
                0x008000d0                key
                0x008000d2                PROVIDE (__bss_end, .)
                0x0000085e                __data_load_start = LOADADDR (.data)
                0x000008b8                __data_load_end = (__data_load_start + SIZEOF (.data))

.noinit         0x008000d2        0x0
                0x008000d2                PROVIDE (__noinit_start, .)
 *(.noinit*)
                0x008000d2                PROVIDE (__noinit_end, .)
                0x008000d2                _end = .
                0x008000d2                PROVIDE (__heap_start, .)

.eeprom         0x00810000        0x0
 *(.eeprom*)
                0x00810000                __eeprom_end = .

.fuse
 *(.fuse)
 *(.lfuse)
 *(.hfuse)
 *(.efuse)

.lock
 *(.lock*)

.signature
 *(.signature*)

.stab
 *(.stab)

.stabstr
 *(.stabstr)

.stab.excl
 *(.stab.excl)

.stab.exclstr
 *(.stab.exclstr)

.stab.index
 *(.stab.index)

.stab.indexstr
 *(.stab.indexstr)

.comment
 *(.comment)

.debug
 *(.debug)

.line
 *(.line)

.debug_srcinfo
 *(.debug_srcinfo)

.debug_sfnames
 *(.debug_sfnames)

.debug_aranges  0x00000000       0x40
 *(.debug_aranges)
 .debug_aranges
                0x00000000       0x20 password.o
 .debug_aranges
                0x00000020       0x20 lcd_lib.o

.debug_pubnames
                0x00000000      0x1f4
 *(.debug_pubnames)
 .debug_pubnames
                0x00000000       0x9b password.o
 .debug_pubnames
                0x0000009b      0x159 lcd_lib.o

.debug_info     0x00000000      0xc43
 *(.debug_info)
 .debug_info    0x00000000      0x42c password.o
 .debug_info    0x0000042c      0x817 lcd_lib.o
 *(.gnu.linkonce.wi.*)

.debug_abbrev   0x00000000      0x34b
 *(.debug_abbrev)
 .debug_abbrev  0x00000000      0x190 password.o
 .debug_abbrev  0x00000190      0x1bb lcd_lib.o

.debug_line     0x00000000      0x971
 *(.debug_line)
 .debug_line    0x00000000      0x425 password.o
 .debug_line    0x00000425      0x54c lcd_lib.o

.debug_frame    0x00000000      0x1a0
 *(.debug_frame)
 .debug_frame   0x00000000       0x60 password.o
 .debug_frame   0x00000060      0x140 lcd_lib.o

.debug_str      0x00000000      0x296
 *(.debug_str)
 .debug_str     0x00000000      0x139 password.o
                                0x172 (size before relaxing)
 .debug_str     0x00000139      0x15d lcd_lib.o
                                0x25a (size before relaxing)

.debug_loc      0x00000000      0x67a
 *(.debug_loc)
 .debug_loc     0x00000000       0xc2 password.o
 .debug_loc     0x000000c2      0x5b8 lcd_lib.o

.debug_macinfo
 *(.debug_macinfo)
OUTPUT(password.elf elf32-avr)
LOAD linker stubs

.debug_ranges   0x00000000       0xa8
 .debug_ranges  0x00000000       0xa8 password.o

Cross Reference Table

Symbol                                            File
CopyStringtoLCD                                   lcd_lib.o
LCDGotoXY                                         lcd_lib.o
                                                  password.o
LCDblank                                          lcd_lib.o
LCDclr                                            lcd_lib.o
                                                  password.o
LCDcursorLeft                                     lcd_lib.o
LCDcursorOFF                                      lcd_lib.o
LCDcursorOn                                       lcd_lib.o
LCDcursorOnBlink                                  lcd_lib.o
LCDcursorRight                                    lcd_lib.o
LCDdefinechar                                     lcd_lib.o
LCDhome                                           lcd_lib.o
LCDinit                                           lcd_lib.o
                                                  password.o
LCDprogressBar                                    lcd_lib.o
LCDsendChar                                       lcd_lib.o
LCDsendCommand                                    lcd_lib.o
LCDshiftLeft                                      lcd_lib.o
LCDshiftRight                                     lcd_lib.o
LCDstring                                         lcd_lib.o
                                                  password.o
LCDvisible                                        lcd_lib.o
LcdCustomChar                                     lcd_lib.o
__bad_interrupt                                   c:/winavr-20090313/bin/../lib/gcc/avr/4.3.2/../../../../avr/lib/avr5/crtm16.o
__bss_end                                         c:/winavr-20090313/bin/../lib/gcc/avr/4.3.2/avr5\libgcc.a(_clear_bss.o)
__bss_start                                       c:/winavr-20090313/bin/../lib/gcc/avr/4.3.2/avr5\libgcc.a(_clear_bss.o)
__data_end                                        c:/winavr-20090313/bin/../lib/gcc/avr/4.3.2/avr5\libgcc.a(_copy_data.o)
__data_load_start                                 c:/winavr-20090313/bin/../lib/gcc/avr/4.3.2/avr5\libgcc.a(_copy_data.o)
__data_start                                      c:/winavr-20090313/bin/../lib/gcc/avr/4.3.2/avr5\libgcc.a(_copy_data.o)
__divmodhi4                                       c:/winavr-20090313/bin/../lib/gcc/avr/4.3.2/avr5\libgcc.a(_divmodhi4.o)
                                                  lcd_lib.o
__do_clear_bss                                    c:/winavr-20090313/bin/../lib/gcc/avr/4.3.2/avr5\libgcc.a(_clear_bss.o)
                                                  password.o
__do_copy_data                                    c:/winavr-20090313/bin/../lib/gcc/avr/4.3.2/avr5\libgcc.a(_copy_data.o)
                                                  password.o
__heap_end                                        c:/winavr-20090313/bin/../lib/gcc/avr/4.3.2/../../../../avr/lib/avr5/crtm16.o
__init                                            c:/winavr-20090313/bin/../lib/gcc/avr/4.3.2/../../../../avr/lib/avr5/crtm16.o
__stack                                           c:/winavr-20090313/bin/../lib/gcc/avr/4.3.2/../../../../avr/lib/avr5/crtm16.o
__udivmodhi4                                      c:/winavr-20090313/bin/../lib/gcc/avr/4.3.2/avr5\libgcc.a(_udivmodhi4.o)
                                                  c:/winavr-20090313/bin/../lib/gcc/avr/4.3.2/avr5\libgcc.a(_divmodhi4.o)
                                                  lcd_lib.o
__vector_1                                        c:/winavr-20090313/bin/../lib/gcc/avr/4.3.2/../../../../avr/lib/avr5/crtm16.o
__vector_10                                       c:/winavr-20090313/bin/../lib/gcc/avr/4.3.2/../../../../avr/lib/avr5/crtm16.o
__vector_11                                       c:/winavr-20090313/bin/../lib/gcc/avr/4.3.2/../../../../avr/lib/avr5/crtm16.o
__vector_12                                       c:/winavr-20090313/bin/../lib/gcc/avr/4.3.2/../../../../avr/lib/avr5/crtm16.o
__vector_13                                       c:/winavr-20090313/bin/../lib/gcc/avr/4.3.2/../../../../avr/lib/avr5/crtm16.o
__vector_14                                       c:/winavr-20090313/bin/../lib/gcc/avr/4.3.2/../../../../avr/lib/avr5/crtm16.o
__vector_15                                       c:/winavr-20090313/bin/../lib/gcc/avr/4.3.2/../../../../avr/lib/avr5/crtm16.o
__vector_16                                       c:/winavr-20090313/bin/../lib/gcc/avr/4.3.2/../../../../avr/lib/avr5/crtm16.o
__vector_17                                       c:/winavr-20090313/bin/../lib/gcc/avr/4.3.2/../../../../avr/lib/avr5/crtm16.o
__vector_18                                       c:/winavr-20090313/bin/../lib/gcc/avr/4.3.2/../../../../avr/lib/avr5/crtm16.o
__vector_19                                       c:/winavr-20090313/bin/../lib/gcc/avr/4.3.2/../../../../avr/lib/avr5/crtm16.o
__vector_2                                        c:/winavr-20090313/bin/../lib/gcc/avr/4.3.2/../../../../avr/lib/avr5/crtm16.o
__vector_20                                       c:/winavr-20090313/bin/../lib/gcc/avr/4.3.2/../../../../avr/lib/avr5/crtm16.o
__vector_3                                        c:/winavr-20090313/bin/../lib/gcc/avr/4.3.2/../../../../avr/lib/avr5/crtm16.o
__vector_4                                        c:/winavr-20090313/bin/../lib/gcc/avr/4.3.2/../../../../avr/lib/avr5/crtm16.o
__vector_5                                        c:/winavr-20090313/bin/../lib/gcc/avr/4.3.2/../../../../avr/lib/avr5/crtm16.o
__vector_6                                        c:/winavr-20090313/bin/../lib/gcc/avr/4.3.2/../../../../avr/lib/avr5/crtm16.o
__vector_7                                        c:/winavr-20090313/bin/../lib/gcc/avr/4.3.2/../../../../avr/lib/avr5/crtm16.o
__vector_8                                        c:/winavr-20090313/bin/../lib/gcc/avr/4.3.2/../../../../avr/lib/avr5/crtm16.o
__vector_9                                        c:/winavr-20090313/bin/../lib/gcc/avr/4.3.2/../../../../avr/lib/avr5/crtm16.o
__vector_default                                  c:/winavr-20090313/bin/../lib/gcc/avr/4.3.2/../../../../avr/lib/avr5/crtm16.o
__vectors                                         c:/winavr-20090313/bin/../lib/gcc/avr/4.3.2/../../../../avr/lib/avr5/crtm16.o
_div                                              c:/winavr-20090313/bin/../lib/gcc/avr/4.3.2/avr5\libgcc.a(_divmodhi4.o)
_exit                                             c:/winavr-20090313/bin/../lib/gcc/avr/4.3.2/avr5\libgcc.a(_exit.o)
buff                                              password.o
define_key                                        password.o
exit                                              c:/winavr-20090313/bin/../lib/gcc/avr/4.3.2/avr5\libgcc.a(_exit.o)
                                                  c:/winavr-20090313/bin/../lib/gcc/avr/4.3.2/../../../../avr/lib/avr5/crtm16.o
get_key                                           password.o
k                                                 password.o
key                                               password.o
key_status                                        password.o
main                                              password.o
                                                  c:/winavr-20090313/bin/../lib/gcc/avr/4.3.2/../../../../avr/lib/avr5/crtm16.o
n                                                 password.o
pass                                              password.o
password                                          password.o
strcpy                                            c:/winavr-20090313/bin/../lib/gcc/avr/4.3.2/../../../../avr/lib/avr5\libc.a(strcpy.o)
                                                  password.o
strncmp                                           c:/winavr-20090313/bin/../lib/gcc/avr/4.3.2/../../../../avr/lib/avr5\libc.a(strncmp.o)
                                                  password.o
trigger_alarm                                     password.o
trigger_lock                                      password.o
